# tclrs parity fuzz finding
# seed: 1   case: 00212   depth: 3   generator: scripts/fuzz/gen.tcl
# verdict: DIVERGENCE	location-compile-time	tclrs located a failure where tclsh did not: (file line 1)
# tclsh: 9.0.4
# tclrs: tclrs 0.1.0
# tclsh-status: 1
# tclsh-stdout: 
# tclsh-stderr: invalid command name "x"\n
# tclrs-status: 1
# tclrs-stdout: 
# tclrs-stderr: invalid command name "x"\n    (file "target/fuzz/work/record/driven.tcl" line 1)\n
#
# The case itself is the sibling .tcl file. It is run spliced into
# scripts/fuzz/drive.tcl, which is what the captured output above is of.
