# tclrs parity fuzz finding
# seed: 1   case: 00353   depth: 3   generator: scripts/fuzz/gen.tcl   shrink: 15 -> 5 lines in 2 round(s), 31/400 candidates checked
# verdict: DIVERGENCE	message-compile-time	msg tclsh=wrong # args: should be "p6" tclrs=extra characters after close-quote
# tclsh: 9.0.4
# tclrs: tclrs 0.2.0
# tclsh-status: 1
# tclsh-stdout: 
# tclsh-stderr: wrong # args: should be "p6"\n
# tclrs-status: 1
# tclrs-stdout: 
# tclrs-stderr: extra characters after close-quote\n    (file "target/fuzz/work/record/driven.tcl" line 26)\n
#
# The case itself is the sibling .tcl file. It is run spliced into
# scripts/fuzz/drive.tcl, which is what the captured output above is of.
