# tclrs parity fuzz finding
# seed: 1   case: 00210   depth: 3   generator: scripts/fuzz/gen.tcl   shrink: 19 -> 4 lines in 3 round(s), 62/400 candidates checked
# verdict: PASS	failed alike	
# tclsh: 9.0.4
# tclrs: tclrs 0.3.0
# tclsh-status: 1
# tclsh-stdout: abc\nabc\nabc\nabc\nabc\nm:can't read "s1": no such variable\n
# tclsh-stderr: can't read "v12": no such variable\n
# tclrs-status: 1
# tclrs-stdout: abc\nabc\nabc\nabc\nabc\nm:can't read "s1": no such variable\n
# tclrs-stderr: can't read "v12": no such variable\n
#
# The case itself is the sibling .tcl file. It is run spliced into
# scripts/fuzz/drive.tcl, which is what the captured output above is of.
