# tclrs parity fuzz finding
# seed: 1   case: 00307   depth: 3   generator: scripts/fuzz/gen.tcl   shrink: 27 -> 3 lines in 4 round(s), 68/400 candidates checked
# verdict: DIVERGENCE	message-compile-time	msg tclsh=exponent too large tclrs=premature end of expression
# tclsh: 9.0.4
# tclrs: tclrs 0.2.0
# tclsh-status: 1
# tclsh-stdout: 
# tclsh-stderr: exponent too large\n
# tclrs-status: 1
# tclrs-stdout: 
# tclrs-stderr: premature end of expression\n    (file "target/fuzz/work/record/driven.tcl" line 23)\n
#
# The case itself is the sibling .tcl file. It is run spliced into
# scripts/fuzz/drive.tcl, which is what the captured output above is of.
