# tclrs parity fuzz finding
# seed: 1   case: 00364   depth: 3   generator: scripts/fuzz/gen.tcl
# verdict: DIVERGENCE	message-compile-time	msg tclsh= tclrs=wrong # args: should be "set varName ?newValue?"
# tclsh: 9.0.4
# tclrs: tclrs 0.1.0
# tclsh-status: 0
# tclsh-stdout: \n\n\x1e
# tclsh-stderr: 
# tclrs-status: 1
# tclrs-stdout: 
# tclrs-stderr: wrong # args: should be "set varName ?newValue?"\n    (file "target/fuzz/work/record/driven.tcl" line 1)\n
#
# The case itself is the sibling .tcl file. It is run spliced into
# scripts/fuzz/drive.tcl, which is what the captured output above is of.
