# tclrs parity fuzz finding
# seed: 1   case: 00235   depth: 3   generator: scripts/fuzz/gen.tcl   shrink: 20 -> 3 lines in 3 round(s), 54/400 candidates checked
# verdict: DIVERGENCE	stdout-compile-time	line tclsh=3 tclrs=<no more output>
# tclsh: 9.0.4
# tclrs: tclrs 0.2.0
# tclsh-status: 1
# tclsh-stdout: 3\n
# tclsh-stderr: invalid bareword "end"\n
# tclrs-status: 1
# tclrs-stdout: 
# tclrs-stderr: invalid bareword "end"\n    (file "target/fuzz/work/record/driven.tcl" line 23)\n
#
# The case itself is the sibling .tcl file. It is run spliced into
# scripts/fuzz/drive.tcl, which is what the captured output above is of.
