# tclrs parity fuzz finding
# seed: 1   case: 00204   depth: 3   generator: scripts/fuzz/gen.tcl   shrink: 20 -> 5 lines in 4 round(s), 69/400 candidates checked
# verdict: DIVERGENCE	message-compile-time	msg tclsh=expected floating-point number but got a list tclrs=wrong # args: should be "p6 r1 ?o1?"
# tclsh: 9.0.4
# tclrs: tclrs 0.3.0
# tclsh-status: 1
# tclsh-stdout: 
# tclsh-stderr: expected floating-point number but got a list\n
# tclrs-status: 1
# tclrs-stdout: 
# tclrs-stderr: wrong # args: should be "p6 r1 ?o1?"\n    (file "target/fuzz/work/record/driven.tcl" line 25)\n
#
# The case itself is the sibling .tcl file. It is run spliced into
# scripts/fuzz/drive.tcl, which is what the captured output above is of.
