# tclrs parity fuzz finding
# seed: 1   case: 00033   depth: 3   generator: scripts/fuzz/gen.tcl   shrink: 19 -> 4 lines in 3 round(s), 53/400 candidates checked
# verdict: DIVERGENCE	message-compile-time	msg tclsh=cannot use non-numeric string "a" as left operand of "/" tclrs=premature end of expression
# tclsh: 9.0.4
# tclrs: tclrs 0.1.0
# tclsh-status: 1
# tclsh-stdout: 
# tclsh-stderr: cannot use non-numeric string "a" as left operand of "/"\n
# tclrs-status: 1
# tclrs-stdout: 
# tclrs-stderr: premature end of expression\n    (file "target/fuzz/work/record/driven.tcl" line 24)\n
#
# The case itself is the sibling .tcl file. It is run spliced into
# scripts/fuzz/drive.tcl, which is what the captured output above is of.
