# tclrs parity fuzz finding
# seed: 1   case: 00295   depth: 3   generator: scripts/fuzz/gen.tcl   shrink: 24 -> 6 lines in 2 round(s), 58/400 candidates checked
# verdict: DIVERGENCE	message-compile-time	msg tclsh=can't read "u21": no such variable tclrs=invalid bareword "a"
# tclsh: 9.0.4
# tclrs: tclrs 0.3.0
# tclsh-status: 1
# tclsh-stdout: 1\n70x a#b {} 1000\n1\n70x a#b {} 1000-7\n1\n70x a#b {} 1000-7-7\n1\n70x a#b {} 1000-7-7-7\n1\n70x a#b {} 1000-7-7-7-7\n
# tclsh-stderr: can't read "u21": no such variable\n
# tclrs-status: 1
# tclrs-stdout: 
# tclrs-stderr: invalid bareword "a"\n    (file "target/fuzz/work/record/driven.tcl" line 25)\n
#
# The case itself is the sibling .tcl file. It is run spliced into
# scripts/fuzz/drive.tcl, which is what the captured output above is of.
