# tclrs parity fuzz finding
# seed: 1   case: 00130   depth: 3   generator: scripts/fuzz/gen.tcl   shrink: 20 -> 4 lines in 2 round(s), 48/400 candidates checked
# verdict: DIVERGENCE	message-compile-time	msg tclsh=-1 tclrs=invalid bareword "a"
# tclsh: 9.0.4
# tclrs: tclrs 0.3.0
# tclsh-status: 1
# tclsh-stdout: 
# tclsh-stderr: -1\n
# tclrs-status: 1
# tclrs-stdout: 
# tclrs-stderr: invalid bareword "a"\n    (file "target/fuzz/work/record/driven.tcl" line 24)\n
#
# The case itself is the sibling .tcl file. It is run spliced into
# scripts/fuzz/drive.tcl, which is what the captured output above is of.
