# tclrs parity fuzz finding
# seed: 1   case: 00263   depth: 3   generator: scripts/fuzz/gen.tcl   shrink: 16 -> 4 lines in 3 round(s), 65/400 candidates checked
# verdict: DIVERGENCE	message-compile-time	msg tclsh=cannot use floating-point value "1e10" as left operand of "%" tclrs=invalid bare word "end" in expression
# tclsh: 9.0.4
# tclrs: tclrs 0.2.0
# tclsh-status: 1
# tclsh-stdout: c1
# tclsh-stderr: cannot use floating-point value "1e10" as left operand of "%"\n
# tclrs-status: 1
# tclrs-stdout: 
# tclrs-stderr: invalid bare word "end" in expression\n    (file "target/fuzz/work/record/driven.tcl" line 23)\n
#
# The case itself is the sibling .tcl file. It is run spliced into
# scripts/fuzz/drive.tcl, which is what the captured output above is of.
