# tclrs parity fuzz finding
# seed: 1   case: 00345   depth: 3   generator: scripts/fuzz/gen.tcl   shrink: 18 -> 5 lines in 3 round(s), 54/400 candidates checked
# verdict: DIVERGENCE	message-compile-time	msg tclsh=naïve café tclrs=empty expression
# tclsh: 9.0.4
# tclrs: tclrs 0.3.0
# tclsh-status: 1
# tclsh-stdout: 1\n
# tclsh-stderr: naïve café\n
# tclrs-status: 1
# tclrs-stdout: 
# tclrs-stderr: empty expression\n    (file "target/fuzz/work/record/driven.tcl" line 25)\n
#
# The case itself is the sibling .tcl file. It is run spliced into
# scripts/fuzz/drive.tcl, which is what the captured output above is of.
