# tclrs parity fuzz finding
# seed: 1   case: 00119   depth: 3   generator: scripts/fuzz/gen.tcl   shrink: 23 -> 3 lines in 2 round(s), 34/400 candidates checked
# verdict: DIVERGENCE	message-compile-time	msg tclsh= tclrs=wrong # args: should be "p6 r1 ?arg ...?"
# tclsh: 9.0.4
# tclrs: tclrs 0.3.0
# tclsh-status: 0
# tclsh-stdout: {[}\n\x1e
# tclsh-stderr: 
# tclrs-status: 1
# tclrs-stdout: 
# tclrs-stderr: wrong # args: should be "p6 r1 ?arg ...?"\n    (file "target/fuzz/work/record/driven.tcl" line 23)\n
#
# The case itself is the sibling .tcl file. It is run spliced into
# scripts/fuzz/drive.tcl, which is what the captured output above is of.
