# tclrs parity fuzz finding
# seed: 1   case: 00280   depth: 3   generator: scripts/fuzz/gen.tcl   shrink: 15 -> 3 lines in 4 round(s), 52/400 candidates checked
# verdict: DIVERGENCE	message-compile-time	msg tclsh=1000 tclrs=missing close-brace
# tclsh: 9.0.4
# tclrs: tclrs 0.1.0
# tclsh-status: 1
# tclsh-stdout: 
# tclsh-stderr: 1000\n
# tclrs-status: 1
# tclrs-stdout: 
# tclrs-stderr: missing close-brace\n    (file "target/fuzz/work/record/driven.tcl" line 25)\n
#
# The case itself is the sibling .tcl file. It is run spliced into
# scripts/fuzz/drive.tcl, which is what the captured output above is of.
