# tclrs parity fuzz finding
# seed: 1   case: 00038   depth: 3   generator: scripts/fuzz/gen.tcl   shrink: 13 -> 4 lines in 3 round(s), 59/400 candidates checked
# verdict: PASS	failed alike	
# tclsh: 9.0.4
# tclrs: tclrs 0.4.1
# tclsh-status: 1
# tclsh-stdout: 
# tclsh-stderr: -0.0\n
# tclrs-status: 1
# tclrs-stdout: 
# tclrs-stderr: -0.0\n
#
# The case itself is the sibling .tcl file. It is run spliced into
# scripts/fuzz/drive.tcl, which is what the captured output above is of.
