# tclrs parity fuzz finding
# seed: 1   case: 00032   depth: 3   generator: scripts/fuzz/gen.tcl   shrink: 23 -> 4 lines in 4 round(s), 76/400 candidates checked
# verdict: DIVERGENCE	message-compile-time	msg tclsh=expected boolean value but got "b" tclrs=wrong # args: should be "p8 r1 ?o1? ?arg ...?"
# tclsh: 9.0.4
# tclrs: tclrs 0.1.0
# tclsh-status: 1
# tclsh-stdout: 
# tclsh-stderr: expected boolean value but got "b"\n
# tclrs-status: 1
# tclrs-stdout: 
# tclrs-stderr: wrong # args: should be "p8 r1 ?o1? ?arg ...?"\n    (file "target/fuzz/work/record/driven.tcl" line 24)\n
#
# The case itself is the sibling .tcl file. It is run spliced into
# scripts/fuzz/drive.tcl, which is what the captured output above is of.
