# tclrs parity fuzz finding
# seed: 1   case: 00028   depth: 3   generator: scripts/fuzz/gen.tcl   shrink: 19 -> 3 lines in 4 round(s), 58/400 candidates checked
# verdict: DIVERGENCE	message-compile-time	msg tclsh=expected integer but got "xyz" tclrs=invalid character "Ü"
# tclsh: 9.0.4
# tclrs: tclrs 0.3.0
# tclsh-status: 1
# tclsh-stdout: 
# tclsh-stderr: expected integer but got "xyz"\n
# tclrs-status: 1
# tclrs-stdout: 
# tclrs-stderr: invalid character "Ü"\nin expression "[string length 0] in ÜñîçøðÉ"\n    (file "target/fuzz/work/record/driven.tcl" line 1)\n
#
# The case itself is the sibling .tcl file. It is run spliced into
# scripts/fuzz/drive.tcl, which is what the captured output above is of.
