# tclrs parity fuzz finding
# seed: 1   case: 00338   depth: 3   generator: scripts/fuzz/gen.tcl
# verdict: DIVERGENCE	message-compile-time	msg tclsh=cannot use non-numeric string "abc" as right operand of "-" tclrs=wrong # args: should be "p4"
# tclsh: 9.0.4
# tclrs: tclrs 0.1.0
# tclsh-status: 1
# tclsh-stdout: 
# tclsh-stderr: cannot use non-numeric string "abc" as right operand of "-"\n
# tclrs-status: 1
# tclrs-stdout: 
# tclrs-stderr: wrong # args: should be "p4"\n    (file "target/fuzz/work/record/driven.tcl" line 1)\n
#
# The case itself is the sibling .tcl file. It is run spliced into
# scripts/fuzz/drive.tcl, which is what the captured output above is of.
