# tclrs parity fuzz finding
# seed: 1   case: 00364   depth: 3   generator: scripts/fuzz/gen.tcl   shrink: 26 -> 3 lines in 2 round(s), 31/400 candidates checked
# verdict: CRITICAL	hang	tclrs did not finish within the timeout
# tclsh: 9.0.4
# tclrs: tclrs 0.3.0
# tclsh-status: 0
# tclsh-stdout: \n\n\x1e
# tclsh-stderr: 
# tclrs-status: 142
# tclrs-stdout: 
# tclrs-stderr: 
#
# The case itself is the sibling .tcl file. It is run spliced into
# scripts/fuzz/drive.tcl, which is what the captured output above is of.
