# tclrs parity fuzz finding
# seed: 1   case: 00008   depth: 3   generator: scripts/fuzz/gen.tcl   shrink: 17 -> 3 lines in 2 round(s), 37/400 candidates checked
# verdict: PASS	failed alike	
# tclsh: 9.0.4
# tclrs: tclrs 0.4.1
# tclsh-status: 1
# tclsh-stdout: 
# tclsh-stderr: expected floating-point number but got a list\n
# tclrs-status: 1
# tclrs-stdout: 
# tclrs-stderr: expected floating-point number but got a list\n
#
# The case itself is the sibling .tcl file. It is run spliced into
# scripts/fuzz/drive.tcl, which is what the captured output above is of.
