# tclrs parity fuzz finding
# seed: 1   case: 00156   depth: 4   generator: scripts/fuzz/gen.tcl   shrink: 12 -> 2 lines, reduced by hand
# verdict: DIVERGENCE	stdout	line tclsh=m:-1 tclrs=m:lsearch -sorted is not supported yet
# tclsh: 9.0.4
# tclrs: tclrs 0.2.0
# tclsh-status: 0
# tclsh-stdout: m:-1\n\x1e
# tclsh-stderr: 
# tclrs-status: 0
# tclrs-stdout: m:lsearch -sorted is not supported yet\n\x1e
# tclrs-stderr: 
#
# The case itself is the sibling .tcl file. It is run spliced into
# scripts/fuzz/drive.tcl, which is what the captured output above is of.
