# tclrs parity fuzz finding
# seed: 1   case: 00264   depth: 3   generator: scripts/fuzz/gen.tcl   shrink: 17 -> 3 lines in 2 round(s), 39/400 candidates checked
# verdict: DIVERGENCE	stdout-compile-time	line tclsh=3 tclrs=<no more output>
# tclsh: 9.0.4
# tclrs: tclrs 0.3.0
# tclsh-status: 1
# tclsh-stdout: 3\n
# tclsh-stderr: extra characters after close-quote\n
# tclrs-status: 1
# tclrs-stdout: 
# tclrs-stderr: extra characters after close-quote\n    (file "target/fuzz/work/record/driven.tcl" line 24)\n
#
# The case itself is the sibling .tcl file. It is run spliced into
# scripts/fuzz/drive.tcl, which is what the captured output above is of.
