# tclrs parity fuzz finding
# seed: 1   case: 00349   depth: 3   generator: scripts/fuzz/gen.tcl
# verdict: SKIP	integer value too large to represent	BUGS.md — arbitrary-precision integers
# tclsh: 9.0.4
# tclrs: tclrs 0.3.0
# tclsh-status: 0
# tclsh-stdout: -1844674407370955162-1844674407370955162-18446744073709551621.000000e+00\n\x1e
# tclsh-stderr: 
# tclrs-status: 1
# tclrs-stdout: 
# tclrs-stderr: integer value too large to represent\n
#
# The case itself is the sibling .tcl file. It is run spliced into
# scripts/fuzz/drive.tcl, which is what the captured output above is of.
