# tclrs parity fuzz finding
# seed: 1   case: 00372   depth: 3   generator: scripts/fuzz/gen.tcl   shrink: 12 -> 3 lines in 2 round(s), 29/400 candidates checked
# verdict: DIVERGENCE	stdout	line tclsh=5 tclrs=m:integer value too large to represent
# tclsh: 9.0.4
# tclrs: tclrs 0.1.0
# tclsh-status: 0
# tclsh-stdout: 5\n5\n5\nm:\n\x1e
# tclsh-stderr: 
# tclrs-status: 0
# tclrs-stdout: m:integer value too large to represent\n\x1e
# tclrs-stderr: 
#
# The case itself is the sibling .tcl file. It is run spliced into
# scripts/fuzz/drive.tcl, which is what the captured output above is of.
