# tclrs parity fuzz finding
# seed: 1   case: 00312   depth: 3   generator: scripts/fuzz/gen.tcl   shrink: 27 -> 4 lines in 3 round(s), 45/400 candidates checked
# verdict: PASS	failed alike	
# tclsh: 9.0.4
# tclrs: tclrs 0.4.1
# tclsh-status: 1
# tclsh-stdout: -7\nm:invalid command name "p6"\nm:\n
# tclsh-stderr: missing close-brace\n
# tclrs-status: 1
# tclrs-stdout: -7\nm:invalid command name "p6"\nm:\n
# tclrs-stderr: missing close-brace\n    (file "target/fuzz/work/record/driven.tcl" line 24)\n
#
# The case itself is the sibling .tcl file. It is run spliced into
# scripts/fuzz/drive.tcl, which is what the captured output above is of.
